2026-05-23T14:27:25.109+05:30 DEBUG 11618 --- [springbootdemo] [http-nio-8080-exec-3] c.e.s.controller.RawUserController       : Searching user by email with JdbcTemplate: rajesh@example.com
2026-05-23T14:27:25.112+05:30  INFO 11618 --- [springbootdemo] [http-nio-8080-exec-3] c.e.s.controller.RawUserController       : User found with JdbcTemplate for email: rajesh@example.com
2026-05-23T14:32:13.934+05:30  INFO 11618 --- [springbootdemo] [File Watcher] rtingClassPathChangeChangedEventListener : Restarting due to 1 class path change (0 additions, 0 deletions, 1 modification)
2026-05-23T14:32:13.961+05:30  INFO 11618 --- [springbootdemo] [Thread-33] o.s.boot.tomcat.GracefulShutdown         : Commencing graceful shutdown. Waiting for active requests to complete
2026-05-23T14:32:13.968+05:30  INFO 11618 --- [springbootdemo] [tomcat-shutdown] o.s.boot.tomcat.GracefulShutdown         : Graceful shutdown complete
2026-05-23T14:32:13.980+05:30  INFO 11618 --- [springbootdemo] [Thread-33] j.LocalContainerEntityManagerFactoryBean : Closing JPA EntityManagerFactory for persistence unit 'default'
2026-05-23T14:32:13.999+05:30  INFO 11618 --- [springbootdemo] [Thread-33] com.zaxxer.hikari.HikariDataSource       : HikariPool-9 - Shutdown initiated...
2026-05-23T14:32:14.035+05:30  INFO 11618 --- [springbootdemo] [Thread-33] com.zaxxer.hikari.HikariDataSource       : HikariPool-9 - Shutdown completed.
2026-05-23T14:32:14.233+05:30  INFO 11618 --- [springbootdemo] [restartedMain] c.e.s.SpringbootdemoApplication          : Starting SpringbootdemoApplication using Java 21.0.5 with PID 11618 (/Users/rajesh/Workspace/java-workspace/springbootdemo/target/classes started by rajesh in /Users/rajesh/Workspace/java-workspace/springbootdemo)
2026-05-23T14:32:14.233+05:30 DEBUG 11618 --- [springbootdemo] [restartedMain] c.e.s.SpringbootdemoApplication          : Running with Spring Boot v4.0.6, Spring v7.0.7
2026-05-23T14:32:14.233+05:30  INFO 11618 --- [springbootdemo] [restartedMain] c.e.s.SpringbootdemoApplication          : No active profile set, falling back to 1 default profile: "default"
2026-05-23T14:32:14.373+05:30  INFO 11618 --- [springbootdemo] [restartedMain] .s.d.r.c.RepositoryConfigurationDelegate : Bootstrapping Spring Data JPA repositories in DEFAULT mode.
2026-05-23T14:32:14.384+05:30  INFO 11618 --- [springbootdemo] [restartedMain] .s.d.r.c.RepositoryConfigurationDelegate : Finished Spring Data repository scanning in 8 ms. Found 1 JPA repository interface.
2026-05-23T14:32:14.452+05:30  INFO 11618 --- [springbootdemo] [restartedMain] o.s.boot.tomcat.TomcatWebServer          : Tomcat initialized with port 8080 (http)
2026-05-23T14:32:14.452+05:30  INFO 11618 --- [springbootdemo] [restartedMain] o.apache.catalina.core.StandardService   : Starting service [Tomcat]
2026-05-23T14:32:14.453+05:30  INFO 11618 --- [springbootdemo] [restartedMain] o.apache.catalina.core.StandardEngine    : Starting Servlet engine: [Apache Tomcat/11.0.21]
2026-05-23T14:32:14.469+05:30  INFO 11618 --- [springbootdemo] [restartedMain] b.w.c.s.WebApplicationContextInitializer : Root WebApplicationContext: initialization completed in 235 ms
2026-05-23T14:32:14.495+05:30  INFO 11618 --- [springbootdemo] [restartedMain] org.hibernate.orm.jpa                    : HHH008540: Processing PersistenceUnitInfo [name: default]
2026-05-23T14:32:14.521+05:30  INFO 11618 --- [springbootdemo] [restartedMain] o.s.o.j.p.SpringPersistenceUnitInfo      : No LoadTimeWeaver setup: ignoring JPA class transformer
2026-05-23T14:32:14.522+05:30  INFO 11618 --- [springbootdemo] [restartedMain] com.zaxxer.hikari.HikariDataSource       : HikariPool-10 - Starting...
2026-05-23T14:32:14.590+05:30  INFO 11618 --- [springbootdemo] [restartedMain] com.zaxxer.hikari.pool.HikariPool        : HikariPool-10 - Added connection com.mysql.cj.jdbc.ConnectionImpl@e54f3ef
2026-05-23T14:32:14.591+05:30  INFO 11618 --- [springbootdemo] [restartedMain] com.zaxxer.hikari.HikariDataSource       : HikariPool-10 - Start completed.
2026-05-23T14:32:14.595+05:30  WARN 11618 --- [springbootdemo] [restartedMain] org.hibernate.orm.deprecation            : HHH90000025: MySQLDialect does not need to be specified explicitly using 'hibernate.dialect' (remove the property setting and it will be selected by default)
2026-05-23T14:32:14.596+05:30  INFO 11618 --- [springbootdemo] [restartedMain] org.hibernate.orm.connections.pooling    : HHH10001005: Database info:
	Database JDBC URL [jdbc:mysql://localhost:3306/springbootdb]
	Database driver: MySQL Connector/J
	Database dialect: MySQLDialect
	Database version: 9.6
	Default catalog/schema: springbootdb/undefined
	Autocommit mode: undefined/unknown
	Isolation level: REPEATABLE_READ [default REPEATABLE_READ]
	JDBC fetch size: none
	Pool: DataSourceConnectionProvider
	Minimum pool size: undefined/unknown
	Maximum pool size: undefined/unknown
2026-05-23T14:32:14.637+05:30  INFO 11618 --- [springbootdemo] [restartedMain] org.hibernate.orm.core                   : HHH000489: No JTA platform available (set 'hibernate.transaction.jta.platform' to enable JTA platform integration)
2026-05-23T14:32:14.689+05:30  INFO 11618 --- [springbootdemo] [restartedMain] j.LocalContainerEntityManagerFactoryBean : Initialized JPA EntityManagerFactory for persistence unit 'default'
2026-05-23T14:32:14.779+05:30 DEBUG 11618 --- [springbootdemo] [restartedMain] c.e.s.config.JwtAuthenticationFilter     : Filter 'jwtAuthenticationFilter' configured for use
2026-05-23T14:32:14.804+05:30  WARN 11618 --- [springbootdemo] [restartedMain] JpaBaseConfiguration$JpaWebConfiguration : spring.jpa.open-in-view is enabled by default. Therefore, database queries may be performed during view rendering. Explicitly configure spring.jpa.open-in-view to disable this warning
2026-05-23T14:32:14.833+05:30  INFO 11618 --- [springbootdemo] [restartedMain] r$InitializeUserDetailsManagerConfigurer : Global AuthenticationManager configured with UserDetailsService bean with name customUserDetailsService
2026-05-23T14:32:14.921+05:30  INFO 11618 --- [springbootdemo] [restartedMain] o.s.boot.tomcat.TomcatWebServer          : Tomcat started on port 8080 (http) with context path '/'
2026-05-23T14:32:14.923+05:30  INFO 11618 --- [springbootdemo] [restartedMain] c.e.s.SpringbootdemoApplication          : Started SpringbootdemoApplication in 0.719 seconds (process running for 3519.22)
2026-05-23T14:32:14.924+05:30  INFO 11618 --- [springbootdemo] [restartedMain] .ConditionEvaluationDeltaLoggingListener : Condition evaluation unchanged
2026-05-23T14:37:01.978+05:30  INFO 11618 --- [springbootdemo] [File Watcher] rtingClassPathChangeChangedEventListener : Restarting due to 1 class path change (0 additions, 0 deletions, 1 modification)
2026-05-23T14:37:02.005+05:30  INFO 11618 --- [springbootdemo] [Thread-37] o.s.boot.tomcat.GracefulShutdown         : Commencing graceful shutdown. Waiting for active requests to complete
2026-05-23T14:37:02.011+05:30  INFO 11618 --- [springbootdemo] [tomcat-shutdown] o.s.boot.tomcat.GracefulShutdown         : Graceful shutdown complete
2026-05-23T14:37:02.019+05:30  INFO 11618 --- [springbootdemo] [Thread-37] j.LocalContainerEntityManagerFactoryBean : Closing JPA EntityManagerFactory for persistence unit 'default'
2026-05-23T14:37:02.028+05:30  INFO 11618 --- [springbootdemo] [Thread-37] com.zaxxer.hikari.HikariDataSource       : HikariPool-10 - Shutdown initiated...
2026-05-23T14:37:02.096+05:30  INFO 11618 --- [springbootdemo] [Thread-37] com.zaxxer.hikari.HikariDataSource       : HikariPool-10 - Shutdown completed.
2026-05-23T14:37:02.328+05:30  INFO 11618 --- [springbootdemo] [restartedMain] c.e.s.SpringbootdemoApplication          : Starting SpringbootdemoApplication using Java 21.0.5 with PID 11618 (/Users/rajesh/Workspace/java-workspace/springbootdemo/target/classes started by rajesh in /Users/rajesh/Workspace/java-workspace/springbootdemo)
2026-05-23T14:37:02.328+05:30 DEBUG 11618 --- [springbootdemo] [restartedMain] c.e.s.SpringbootdemoApplication          : Running with Spring Boot v4.0.6, Spring v7.0.7
2026-05-23T14:37:02.328+05:30  INFO 11618 --- [springbootdemo] [restartedMain] c.e.s.SpringbootdemoApplication          : No active profile set, falling back to 1 default profile: "default"
2026-05-23T14:37:02.462+05:30  INFO 11618 --- [springbootdemo] [restartedMain] .s.d.r.c.RepositoryConfigurationDelegate : Bootstrapping Spring Data JPA repositories in DEFAULT mode.
2026-05-23T14:37:02.467+05:30  INFO 11618 --- [springbootdemo] [restartedMain] .s.d.r.c.RepositoryConfigurationDelegate : Finished Spring Data repository scanning in 4 ms. Found 1 JPA repository interface.
2026-05-23T14:37:02.564+05:30  INFO 11618 --- [springbootdemo] [restartedMain] o.s.boot.tomcat.TomcatWebServer          : Tomcat initialized with port 8080 (http)
2026-05-23T14:37:02.565+05:30  INFO 11618 --- [springbootdemo] [restartedMain] o.apache.catalina.core.StandardService   : Starting service [Tomcat]
2026-05-23T14:37:02.565+05:30  INFO 11618 --- [springbootdemo] [restartedMain] o.apache.catalina.core.StandardEngine    : Starting Servlet engine: [Apache Tomcat/11.0.21]
2026-05-23T14:37:02.574+05:30  INFO 11618 --- [springbootdemo] [restartedMain] b.w.c.s.WebApplicationContextInitializer : Root WebApplicationContext: initialization completed in 243 ms
2026-05-23T14:37:02.625+05:30  INFO 11618 --- [springbootdemo] [restartedMain] org.hibernate.orm.jpa                    : HHH008540: Processing PersistenceUnitInfo [name: default]
2026-05-23T14:37:02.645+05:30  INFO 11618 --- [springbootdemo] [restartedMain] o.s.o.j.p.SpringPersistenceUnitInfo      : No LoadTimeWeaver setup: ignoring JPA class transformer
2026-05-23T14:37:02.647+05:30  INFO 11618 --- [springbootdemo] [restartedMain] com.zaxxer.hikari.HikariDataSource       : HikariPool-11 - Starting...
2026-05-23T14:37:02.709+05:30  INFO 11618 --- [springbootdemo] [restartedMain] com.zaxxer.hikari.pool.HikariPool        : HikariPool-11 - Added connection com.mysql.cj.jdbc.ConnectionImpl@4ef8f349
2026-05-23T14:37:02.709+05:30  INFO 11618 --- [springbootdemo] [restartedMain] com.zaxxer.hikari.HikariDataSource       : HikariPool-11 - Start completed.
2026-05-23T14:37:02.710+05:30  WARN 11618 --- [springbootdemo] [restartedMain] org.hibernate.orm.deprecation            : HHH90000025: MySQLDialect does not need to be specified explicitly using 'hibernate.dialect' (remove the property setting and it will be selected by default)
2026-05-23T14:37:02.711+05:30  INFO 11618 --- [springbootdemo] [restartedMain] org.hibernate.orm.connections.pooling    : HHH10001005: Database info:
	Database JDBC URL [jdbc:mysql://localhost:3306/springbootdb]
	Database driver: MySQL Connector/J
	Database dialect: MySQLDialect
	Database version: 9.6
	Default catalog/schema: springbootdb/undefined
	Autocommit mode: undefined/unknown
	Isolation level: REPEATABLE_READ [default REPEATABLE_READ]
	JDBC fetch size: none
	Pool: DataSourceConnectionProvider
	Minimum pool size: undefined/unknown
	Maximum pool size: undefined/unknown
2026-05-23T14:37:02.753+05:30  INFO 11618 --- [springbootdemo] [restartedMain] org.hibernate.orm.core                   : HHH000489: No JTA platform available (set 'hibernate.transaction.jta.platform' to enable JTA platform integration)
2026-05-23T14:37:02.800+05:30  INFO 11618 --- [springbootdemo] [restartedMain] j.LocalContainerEntityManagerFactoryBean : Initialized JPA EntityManagerFactory for persistence unit 'default'
2026-05-23T14:37:02.854+05:30 DEBUG 11618 --- [springbootdemo] [restartedMain] c.e.s.config.JwtAuthenticationFilter     : Filter 'jwtAuthenticationFilter' configured for use
2026-05-23T14:37:02.882+05:30  WARN 11618 --- [springbootdemo] [restartedMain] JpaBaseConfiguration$JpaWebConfiguration : spring.jpa.open-in-view is enabled by default. Therefore, database queries may be performed during view rendering. Explicitly configure spring.jpa.open-in-view to disable this warning
2026-05-23T14:37:02.900+05:30  INFO 11618 --- [springbootdemo] [restartedMain] r$InitializeUserDetailsManagerConfigurer : Global AuthenticationManager configured with UserDetailsService bean with name customUserDetailsService
2026-05-23T14:37:02.986+05:30  INFO 11618 --- [springbootdemo] [restartedMain] o.s.boot.tomcat.TomcatWebServer          : Tomcat started on port 8080 (http) with context path '/'
2026-05-23T14:37:02.988+05:30  INFO 11618 --- [springbootdemo] [restartedMain] c.e.s.SpringbootdemoApplication          : Started SpringbootdemoApplication in 0.69 seconds (process running for 3807.288)
2026-05-23T14:37:02.988+05:30  INFO 11618 --- [springbootdemo] [restartedMain] .ConditionEvaluationDeltaLoggingListener : Condition evaluation unchanged
2026-05-23T14:58:01.116+05:30  WARN 11618 --- [springbootdemo] [HikariPool-11:housekeeper] com.zaxxer.hikari.pool.HikariPool        : HikariPool-11 - Thread starvation or clock leap detected (housekeeper delta=15m28s177ms).
2026-05-23T15:23:28.030+05:30  INFO 11618 --- [springbootdemo] [SpringApplicationShutdownHook] o.s.boot.tomcat.GracefulShutdown         : Commencing graceful shutdown. Waiting for active requests to complete
2026-05-23T15:23:28.053+05:30  INFO 11618 --- [springbootdemo] [tomcat-shutdown] o.s.boot.tomcat.GracefulShutdown         : Graceful shutdown complete
2026-05-23T15:23:28.077+05:30  INFO 11618 --- [springbootdemo] [SpringApplicationShutdownHook] j.LocalContainerEntityManagerFactoryBean : Closing JPA EntityManagerFactory for persistence unit 'default'
2026-05-23T15:23:28.094+05:30  INFO 11618 --- [springbootdemo] [SpringApplicationShutdownHook] com.zaxxer.hikari.HikariDataSource       : HikariPool-11 - Shutdown initiated...
2026-05-23T15:23:28.101+05:30  INFO 11618 --- [springbootdemo] [SpringApplicationShutdownHook] com.zaxxer.hikari.HikariDataSource       : HikariPool-11 - Shutdown completed.
2026-05-23T23:06:04.037+05:30  INFO 28576 --- [springbootdemo] [restartedMain] c.e.s.SpringbootdemoApplication          : Starting SpringbootdemoApplication using Java 21.0.5 with PID 28576 (/Users/rajesh/Workspace/java-workspace/springbootdemo/target/classes started by rajesh in /Users/rajesh/Workspace/java-workspace/springbootdemo)
2026-05-23T23:06:04.039+05:30 DEBUG 28576 --- [springbootdemo] [restartedMain] c.e.s.SpringbootdemoApplication          : Running with Spring Boot v4.0.6, Spring v7.0.7
2026-05-23T23:06:04.039+05:30  INFO 28576 --- [springbootdemo] [restartedMain] c.e.s.SpringbootdemoApplication          : No active profile set, falling back to 1 default profile: "default"
2026-05-23T23:06:04.075+05:30  INFO 28576 --- [springbootdemo] [restartedMain] .e.DevToolsPropertyDefaultsPostProcessor : Devtools property defaults active! Set 'spring.devtools.add-properties' to 'false' to disable
2026-05-23T23:06:04.075+05:30  INFO 28576 --- [springbootdemo] [restartedMain] .e.DevToolsPropertyDefaultsPostProcessor : For additional web related logging consider setting the 'logging.level.web' property to 'DEBUG'
2026-05-23T23:06:04.539+05:30  INFO 28576 --- [springbootdemo] [restartedMain] .s.d.r.c.RepositoryConfigurationDelegate : Bootstrapping Spring Data JPA repositories in DEFAULT mode.
2026-05-23T23:06:04.569+05:30  INFO 28576 --- [springbootdemo] [restartedMain] .s.d.r.c.RepositoryConfigurationDelegate : Finished Spring Data repository scanning in 25 ms. Found 1 JPA repository interface.
2026-05-23T23:06:04.876+05:30  INFO 28576 --- [springbootdemo] [restartedMain] o.s.boot.tomcat.TomcatWebServer          : Tomcat initialized with port 8080 (http)
2026-05-23T23:06:04.885+05:30  INFO 28576 --- [springbootdemo] [restartedMain] o.apache.catalina.core.StandardService   : Starting service [Tomcat]
2026-05-23T23:06:04.886+05:30  INFO 28576 --- [springbootdemo] [restartedMain] o.apache.catalina.core.StandardEngine    : Starting Servlet engine: [Apache Tomcat/11.0.21]
2026-05-23T23:06:04.908+05:30  INFO 28576 --- [springbootdemo] [restartedMain] b.w.c.s.WebApplicationContextInitializer : Root WebApplicationContext: initialization completed in 832 ms
2026-05-23T23:06:04.991+05:30  INFO 28576 --- [springbootdemo] [restartedMain] org.hibernate.orm.jpa                    : HHH008540: Processing PersistenceUnitInfo [name: default]
2026-05-23T23:06:05.028+05:30  INFO 28576 --- [springbootdemo] [restartedMain] org.hibernate.orm.core                   : HHH000001: Hibernate ORM core version 7.2.12.Final
2026-05-23T23:06:05.229+05:30  INFO 28576 --- [springbootdemo] [restartedMain] o.s.o.j.p.SpringPersistenceUnitInfo      : No LoadTimeWeaver setup: ignoring JPA class transformer
2026-05-23T23:06:05.245+05:30  INFO 28576 --- [springbootdemo] [restartedMain] com.zaxxer.hikari.HikariDataSource       : HikariPool-1 - Starting...
2026-05-23T23:06:05.577+05:30  INFO 28576 --- [springbootdemo] [restartedMain] com.zaxxer.hikari.pool.HikariPool        : HikariPool-1 - Added connection com.mysql.cj.jdbc.ConnectionImpl@57b84acd
2026-05-23T23:06:05.578+05:30  INFO 28576 --- [springbootdemo] [restartedMain] com.zaxxer.hikari.HikariDataSource       : HikariPool-1 - Start completed.
2026-05-23T23:06:05.642+05:30  WARN 28576 --- [springbootdemo] [restartedMain] org.hibernate.orm.deprecation            : HHH90000025: MySQLDialect does not need to be specified explicitly using 'hibernate.dialect' (remove the property setting and it will be selected by default)
2026-05-23T23:06:05.650+05:30  INFO 28576 --- [springbootdemo] [restartedMain] org.hibernate.orm.connections.pooling    : HHH10001005: Database info:
	Database JDBC URL [jdbc:mysql://localhost:3306/springbootdb]
	Database driver: MySQL Connector/J
	Database dialect: MySQLDialect
	Database version: 9.6
	Default catalog/schema: springbootdb/undefined
	Autocommit mode: undefined/unknown
	Isolation level: REPEATABLE_READ [default REPEATABLE_READ]
	JDBC fetch size: none
	Pool: DataSourceConnectionProvider
	Minimum pool size: undefined/unknown
	Maximum pool size: undefined/unknown
2026-05-23T23:06:06.098+05:30  INFO 28576 --- [springbootdemo] [restartedMain] org.hibernate.orm.core                   : HHH000489: No JTA platform available (set 'hibernate.transaction.jta.platform' to enable JTA platform integration)
2026-05-23T23:06:06.153+05:30  INFO 28576 --- [springbootdemo] [restartedMain] j.LocalContainerEntityManagerFactoryBean : Initialized JPA EntityManagerFactory for persistence unit 'default'
2026-05-23T23:06:06.188+05:30  INFO 28576 --- [springbootdemo] [restartedMain] o.s.d.j.r.query.QueryEnhancerFactories   : Hibernate is in classpath; If applicable, HQL parser will be used.
2026-05-23T23:06:06.278+05:30 DEBUG 28576 --- [springbootdemo] [restartedMain] c.e.s.config.JwtAuthenticationFilter     : Filter 'jwtAuthenticationFilter' configured for use
2026-05-23T23:06:06.308+05:30  WARN 28576 --- [springbootdemo] [restartedMain] JpaBaseConfiguration$JpaWebConfiguration : spring.jpa.open-in-view is enabled by default. Therefore, database queries may be performed during view rendering. Explicitly configure spring.jpa.open-in-view to disable this warning
2026-05-23T23:06:06.346+05:30  INFO 28576 --- [springbootdemo] [restartedMain] r$InitializeUserDetailsManagerConfigurer : Global AuthenticationManager configured with UserDetailsService bean with name customUserDetailsService
2026-05-23T23:06:06.546+05:30  INFO 28576 --- [springbootdemo] [restartedMain] o.s.boot.tomcat.TomcatWebServer          : Tomcat started on port 8080 (http) with context path '/'
2026-05-23T23:06:06.549+05:30  INFO 28576 --- [springbootdemo] [restartedMain] c.e.s.SpringbootdemoApplication          : Started SpringbootdemoApplication in 2.757 seconds (process running for 3.028)
2026-05-23T23:06:13.486+05:30  INFO 28576 --- [springbootdemo] [http-nio-8080-exec-1] o.a.c.c.C.[Tomcat].[localhost].[/]       : Initializing Spring DispatcherServlet 'dispatcherServlet'
2026-05-23T23:06:13.487+05:30  INFO 28576 --- [springbootdemo] [http-nio-8080-exec-1] o.s.web.servlet.DispatcherServlet        : Initializing Servlet 'dispatcherServlet'
2026-05-23T23:06:13.495+05:30  INFO 28576 --- [springbootdemo] [http-nio-8080-exec-1] o.s.web.servlet.DispatcherServlet        : Completed initialization in 8 ms
2026-05-23T23:06:13.687+05:30 DEBUG 28576 --- [springbootdemo] [http-nio-8080-exec-1] c.e.s.controller.RawUserController       : Searching user by email with JdbcTemplate: rajesh@example.com
2026-05-23T23:06:13.693+05:30  INFO 28576 --- [springbootdemo] [http-nio-8080-exec-1] c.e.s.controller.RawUserController       : User found with JdbcTemplate for email: rajesh@example.com
